// Jest Snapshot v1, https://goo.gl/fbAQLP

exports[`Notification Badge component Notification badge renders correctly 1`] = `
<div
  className="tour-notifications"
>
  <ForwardRef(IconButton)
    aria-haspopup="true"
    aria-label="Open notification menu"
    onClick={[Function]}
    size="large"
    sx={
      Object {
        "color": "primary.contrastText",
        "margin": 1,
      }
    }
  >
    <ForwardRef(Badge)
      badgeContent={1}
      color="primary"
    >
      <Memo(ForwardRef(NotificationsIcon)) />
    </ForwardRef(Badge)>
  </ForwardRef(IconButton)>
  <ForwardRef(Menu)
    anchorEl={null}
    id="notifications-menu"
    onClose={[Function]}
    open={false}
  >
    <ForwardRef(ScigatewayNotification)
      dismissNotification={[Function]}
      index={0}
      key="0"
      message="my message"
      severity="warning"
    />
  </ForwardRef(Menu)>
</div>
`;
