// Jest Snapshot v1, https://goo.gl/fbAQLP

exports[`Footer component footer renders correctly 1`] = `
<Styled(div)>
  <div
    style={
      Object {
        "display": "inline-block",
        "fontSize": 14,
        "fontWeight": "bold",
        "textAlign": "left",
        "textIndent": "16px",
      }
    }
  >
    <Trans
      i18nKey="footer.links.text"
    >
      <Styled(ForwardRef(Link))
        href="footer.links.facility"
        underline="hover"
      >
        Facility Home
      </Styled(ForwardRef(Link))>
       | 
      <Styled(ForwardRef(Link))
        href="footer.links.privacy-statement"
        underline="hover"
      >
        Privacy statement
      </Styled(ForwardRef(Link))>
       | 
      <Styled(ForwardRef(Link))
        href="footer.links.data-policy"
        underline="hover"
      >
        Data policy
      </Styled(ForwardRef(Link))>
       | 
      <Styled(ForwardRef(Link))
        component={
          Object {
            "$$typeof": Symbol(react.forward_ref),
            "propTypes": Object {
              "innerRef": [Function],
              "onClick": [Function],
              "replace": [Function],
              "target": [Function],
              "to": [Function],
            },
            "render": [Function],
          }
        }
        to="/accessibility"
        underline="hover"
      >
        Accessibilty statement
      </Styled(ForwardRef(Link))>
       | 
      <Styled(ForwardRef(Link))
        href="footer.links.contact"
        underline="hover"
      >
        Contact
      </Styled(ForwardRef(Link))>
    </Trans>
  </div>
  <div
    style={
      Object {
        "fontSize": "14px",
        "marginLeft": "auto",
        "paddingRight": "16px",
        "right": 0,
        "textAlign": "right",
      }
    }
  >
    <Trans
      i18nKey="footer.website-development-provider"
    >
      Built by the
      <Styled(ForwardRef(Link))
        href="https://www.scd.stfc.ac.uk/Pages/home.aspx"
        underline="hover"
      >
        Scientific Computing
      </Styled(ForwardRef(Link))>
      <Styled(ForwardRef(Link))
        href="https://www.scd.stfc.ac.uk/Pages/Software-Engineering-Group.aspx"
        underline="hover"
      >
        Data and Software Engineering Group
      </Styled(ForwardRef(Link))>
    </Trans>
  </div>
</Styled(div)>
`;
