// Jest Snapshot v1, https://goo.gl/fbAQLP

exports[`Cookies page component should render correctly 1`] = `
<Styled(div)>
  <ForwardRef(Typography)
    sx={
      Object {
        "color": "secondary.main",
        "fontWeight": "bold",
      }
    }
    variant="h3"
  >
    title
  </ForwardRef(Typography)>
  <Styled(div)>
    <ForwardRef(Typography)
      variant="h4"
    >
      cookie-policy-title
    </ForwardRef(Typography)>
    <ForwardRef(Typography)
      dangerouslySetInnerHTML={
        Object {
          "__html": "cookie-policy",
        }
      }
      sx={
        Object {
          "marginBottom": 2,
          "marginTop": 2,
        }
      }
      variant="body1"
    />
  </Styled(div)>
  <Styled(div)>
    <ForwardRef(Typography)
      variant="h4"
    >
      cookie-management-title
    </ForwardRef(Typography)>
    <ForwardRef(Grid)
      container={true}
      direction="column"
      spacing={4}
      sx={
        Object {
          "marginBottom": 2,
          "marginTop": 1,
        }
      }
    >
      <ForwardRef(Grid)
        alignItems="center"
        container={true}
        item={true}
        justifyContent="flex-start"
      >
        <ForwardRef(Grid)
          item={true}
          sm={1}
          xs={2}
        >
          <ForwardRef(Switch)
            checked={true}
            color="secondary"
            disabled={true}
            inputProps={
              Object {
                "aria-describedby": "essential-cookies-description",
                "aria-labelledby": "essential-cookies-title",
              }
            }
          />
        </ForwardRef(Grid)>
        <ForwardRef(Grid)
          item={true}
          sm={2}
          xs={4}
        >
          <ForwardRef(Typography)
            id="essential-cookies-title"
            variant="body1"
          >
            essential-cookies-title
          </ForwardRef(Typography)>
        </ForwardRef(Grid)>
        <ForwardRef(Grid)
          id="essential-cookies-description"
          item={true}
          sm={9}
          xs={12}
        >
          <ForwardRef(Typography)
            variant="body1"
          >
            essential-cookies-description
          </ForwardRef(Typography)>
          <Styled(ul)>
            <ForwardRef(Typography)
              component="li"
              key="cookies-page.essential-cookies-list 1"
              sx={
                Object {
                  "display": "list-item",
                }
              }
              variant="body1"
            >
              cookies-page.essential-cookies-list 1
            </ForwardRef(Typography)>
            <ForwardRef(Typography)
              component="li"
              key="cookies-page.essential-cookies-list 2"
              sx={
                Object {
                  "display": "list-item",
                }
              }
              variant="body1"
            >
              cookies-page.essential-cookies-list 2
            </ForwardRef(Typography)>
            <ForwardRef(Typography)
              component="li"
              key="cookies-page.essential-cookies-list 3"
              sx={
                Object {
                  "display": "list-item",
                }
              }
              variant="body1"
            >
              cookies-page.essential-cookies-list 3
            </ForwardRef(Typography)>
          </Styled(ul)>
        </ForwardRef(Grid)>
      </ForwardRef(Grid)>
      <ForwardRef(Grid)
        alignItems="center"
        container={true}
        item={true}
        justifyContent="flex-start"
      >
        <ForwardRef(Grid)
          item={true}
          sm={1}
          xs={2}
        >
          <ForwardRef(Switch)
            checked={false}
            color="secondary"
            inputProps={
              Object {
                "aria-describedby": "analytics-cookies-description",
                "aria-labelledby": "analytics-cookies-title",
              }
            }
            onChange={[Function]}
          />
        </ForwardRef(Grid)>
        <ForwardRef(Grid)
          item={true}
          sm={2}
          xs={4}
        >
          <ForwardRef(Typography)
            id="analytics-cookies-title"
            variant="body1"
          >
            analytics-cookies-title
          </ForwardRef(Typography)>
        </ForwardRef(Grid)>
        <ForwardRef(Grid)
          id="analytics-cookies-description"
          item={true}
          sm={9}
          xs={12}
        >
          <ForwardRef(Typography)
            variant="body1"
          >
            analytics-cookies-description
          </ForwardRef(Typography)>
          <Styled(ul)>
            <ForwardRef(Typography)
              component="li"
              sx={
                Object {
                  "display": "list-item",
                }
              }
              variant="body1"
            >
              google-analytics-description
            </ForwardRef(Typography)>
          </Styled(ul)>
        </ForwardRef(Grid)>
      </ForwardRef(Grid)>
    </ForwardRef(Grid)>
  </Styled(div)>
  <ForwardRef(Button)
    color="primary"
    onClick={[Function]}
    size="medium"
    sx={
      Object {
        "color": "primary.contrastText",
      }
    }
    variant="contained"
  >
    save-preferences-button
  </ForwardRef(Button)>
</Styled(div)>
`;
