// Jest Snapshot v1, https://goo.gl/fbAQLP

exports[`Cookie consent component should render correctly 1`] = `
<ForwardRef(Snackbar)
  ContentProps={
    Object {
      "sx": Object {
        "backgroundColor": [Function],
        "color": "primary.contrastText",
      },
    }
  }
  action={
    Array [
      <Styled(ForwardRef(Button))
        onClick={[MockFunction]}
        size="small"
        variant="outlined"
      >
        manage-preferences-button
      </Styled(ForwardRef(Button))>,
      <Styled(ForwardRef(Button))
        color="primary"
        onClick={[Function]}
        size="small"
        variant="contained"
      >
        accept-button
      </Styled(ForwardRef(Button))>,
    ]
  }
  anchorOrigin={
    Object {
      "horizontal": "left",
      "vertical": "bottom",
    }
  }
  message={
    <div>
      text
    </div>
  }
  open={false}
/>
`;
